 #87	0.080	t[0] --> st	grant_request	 		
 #88	0.080	t[1] --> st	grant_request	 		
 #91	0.080	st --> gs	grant_request	 		
 #94	0.080	st --> gs	grant_request	 		
 #96	0.080	gs --> st	grant_request	 		
 #96	0.080	gs --> st	grant_request	 		
 #97	0.080	st --> t[0]	grant_request	 		
 #98	0.080	st --> t[1]	grant_request	 		
#101	0.080	t[0] --> st	bytes	 		
#102	0.080	t[1] --> st	bytes	 		
#103	0.080	st --> gs	bytes	 		
#104	0.080	t[0] --> st	bytes	 		
#105	0.080	st --> gs	bytes	 		
#106	0.080	t[1] --> st	bytes	 		
#108	0.080	st --> gs	bytes	 		
#109	0.080	t[0] --> st	bytes	 		
#111	0.080	st --> gs	bytes	 		
#112	0.080	t[1] --> st	bytes	 		
#114	0.080	st --> gs	bytes	 		
#115	0.080	t[0] --> st	bytes	 		
#117	0.080	st --> gs	bytes	 		
#118	0.080	t[1] --> st	bytes	 		
#120	0.080	st --> gs	bytes	 		
#121	0.080	t[0] --> st	bytes	 		
#123	0.080	st --> gs	bytes	 		
#124	0.080	t[1] --> st	bytes	 		
#126	0.080	st --> gs	bytes	 		
#127	0.080	t[0] --> st	bytes	 		
#129	0.080	st --> gs	bytes	 		
#130	0.080	t[1] --> st	bytes	 		
#132	0.080	st --> gs	bytes	 		
#133	0.080	t[0] --> st	bytes	 		
#135	0.080	st --> gs	bytes	 		
#136	0.080	t[1] --> st	bytes	 		
#138	0.080	st --> gs	bytes	 		
#139	0.080	t[0] --> st	bytes	 		
#141	0.080	st --> gs	bytes	 		
#142	0.080	t[1] --> st	bytes	 		
#144	0.080	st --> gs	bytes	 		
#145	0.080	t[0] --> st	bytes	 		
#147	0.080	st --> gs	bytes	 		
#148	0.080	t[1] --> st	bytes	 		
#150	0.080	st --> gs	bytes	 		
#151	0.080	t[0] --> st	bytes	 		
#153	0.080	st --> gs	bytes	 		
#154	0.080	t[1] --> st	bytes	 		
#156	0.080	st --> gs	bytes	 		
#157	0.080	t[0] --> st	bytes	 		
#159	0.080	st --> gs	bytes	 		
#160	0.080	t[1] --> st	bytes	 		
#162	0.080	st --> gs	bytes	 		
#163	0.080	t[0] --> st	bytes	 		
#165	0.080	st --> gs	bytes	 		
#166	0.080	t[1] --> st	bytes	 		
#168	0.080	st --> gs	bytes	 		
#169	0.080	t[0] --> st	bytes	 		
#171	0.080	st --> gs	bytes	 		
#172	0.080	t[1] --> st	bytes	 		
#174	0.080	st --> gs	bytes	 		
#175	0.080	t[0] --> st	bytes	 		
#177	0.080	st --> gs	bytes	 		
#178	0.080	t[1] --> st	bytes	 		
#180	0.080	st --> gs	bytes	 		
#181	0.080	t[0] --> st	bytes	 		
#183	0.080	st --> gs	bytes	 		
#184	0.080	t[1] --> st	bytes	 		
#186	0.080	st --> gs	bytes	 		
#187	0.080	t[0] --> st	bytes	 		
#189	0.080	st --> gs	bytes	 		
#190	0.080	t[1] --> st	bytes	 		
#192	0.080	st --> gs	bytes	 		
#193	0.080	t[0] --> st	bytes	 		
#195	0.080	st --> gs	bytes	 		
#196	0.080	t[1] --> st	bytes	 		
#198	0.080	st --> gs	bytes	 		
#199	0.080	t[0] --> st	bytes	 		
#201	0.080	st --> gs	bytes	 		
#202	0.080	t[1] --> st	bytes	 		
#204	0.080	st --> gs	bytes	 		
#205	0.080	t[0] --> st	bytes	 		
#207	0.080	st --> gs	bytes	 		
#208	0.080	t[1] --> st	bytes	 		
#210	0.080	st --> gs	bytes	 		
#211	0.080	t[0] --> st	bytes	 		
#213	0.080	st --> gs	bytes	 		
#214	0.080	t[1] --> st	bytes	 		
#216	0.080	st --> gs	bytes	 		
#217	0.080	t[0] --> st	bytes	 		
#219	0.080	st --> gs	bytes	 		
#220	0.080	t[1] --> st	bytes	 		
#222	0.080	st --> gs	bytes	 		
#223	0.080	t[0] --> st	bytes	 		
#225	0.080	st --> gs	bytes	 		
#226	0.080	t[1] --> st	bytes	 		
#228	0.080	st --> gs	bytes	 		
#229	0.080	t[0] --> st	bytes	 		
#231	0.080	st --> gs	bytes	 		
#232	0.080	t[1] --> st	bytes	 		
#234	0.080	st --> gs	bytes	 		
#235	0.080	t[0] --> st	bytes	 		
#237	0.080	st --> gs	bytes	 		
#238	0.080	t[1] --> st	bytes	 		
#240	0.080	st --> gs	bytes	 		
#241	0.080	t[0] --> st	bytes	 		
#243	0.080	st --> gs	bytes	 		
#244	0.080	t[1] --> st	bytes	 		
#246	0.080	st --> gs	bytes	 		
#247	0.080	t[0] --> st	bytes	 		
#249	0.080	st --> gs	bytes	 		
#250	0.080	t[1] --> st	bytes	 		
#252	0.080	st --> gs	bytes	 		
#253	0.080	t[0] --> st	bytes	 		
#255	0.080	st --> gs	bytes	 		
#256	0.080	t[1] --> st	bytes	 		
#258	0.080	st --> gs	bytes	 		
#259	0.080	t[0] --> st	bytes	 		
#261	0.080	st --> gs	bytes	 		
#262	0.080	t[1] --> st	bytes	 		
#264	0.080	st --> gs	bytes	 		
#265	0.080	t[0] --> st	bytes	 		
#267	0.080	st --> gs	bytes	 		
#268	0.080	t[1] --> st	bytes	 		
#270	0.080	st --> gs	bytes	 		
#271	0.080	t[0] --> st	bytes	 		
#273	0.080	st --> gs	bytes	 		
#274	0.080	t[1] --> st	bytes	 		
#276	0.080	st --> gs	bytes	 		
#277	0.080	t[0] --> st	bytes	 		
#279	0.080	st --> gs	bytes	 		
#280	0.080	t[1] --> st	bytes	 		
#282	0.080	st --> gs	bytes	 		
#283	0.080	t[0] --> st	bytes	 		
#285	0.080	st --> gs	bytes	 		
#286	0.080	t[1] --> st	bytes	 		
#288	0.080	st --> gs	bytes	 		
#289	0.080	t[0] --> st	bytes	 		
#291	0.080	st --> gs	bytes	 		
#292	0.080	t[1] --> st	bytes	 		
#294	0.080	st --> gs	bytes	 		
#295	0.080	t[0] --> st	bytes	 		
#297	0.080	st --> gs	bytes	 		
#298	0.080	t[1] --> st	bytes	 		
#300	0.080	st --> gs	bytes	 		
#301	0.080	t[0] --> st	bytes	 		
#303	0.080	st --> gs	bytes	 		
#304	0.080	t[1] --> st	bytes	 		
#306	0.080	st --> gs	bytes	 		
#307	0.080	t[0] --> st	bytes	 		
#309	0.080	st --> gs	bytes	 		
#310	0.080	t[1] --> st	bytes	 		
#312	0.080	st --> gs	bytes	 		
#313	0.080	t[0] --> st	bytes	 		
#315	0.080	st --> gs	bytes	 		
#316	0.080	t[1] --> st	bytes	 		
#318	0.080	st --> gs	bytes	 		
#319	0.080	t[0] --> st	bytes	 		
#321	0.080	st --> gs	bytes	 		
#322	0.080	t[1] --> st	bytes	 		
#324	0.080	st --> gs	bytes	 		
#325	0.080	t[0] --> st	bytes	 		
#327	0.080	st --> gs	bytes	 		
#328	0.080	t[1] --> st	bytes	 		
#330	0.080	st --> gs	bytes	 		
#331	0.080	t[0] --> st	bytes	 		
#333	0.080	st --> gs	bytes	 		
#334	0.080	t[1] --> st	bytes	 		
#336	0.080	st --> gs	bytes	 		
#338	0.080	st --> gs	bytes	 		
#339	0.080	t[1] --> st	bytes	 		
#342	0.080	st --> gs	bytes	 		
#343	0.080	t[1] --> st	bytes	 		
#345	0.080	st --> gs	bytes	 		
#346	0.080	t[1] --> st	bytes	 		
#348	0.080	st --> gs	bytes	 		
#349	0.080	t[1] --> st	bytes	 		
#351	0.080	st --> gs	bytes	 		
#352	0.080	t[1] --> st	bytes	 		
#354	0.080	st --> gs	bytes	 		
#355	0.080	t[1] --> st	bytes	 		
#357	0.080	st --> gs	bytes	 		
#360	0.080'451'529'789	t[1] --> st	bytes	 		
#361	0.080'451'529'789	st --> gs	bytes	 		
#364	0.082'158'713'875	t[1] --> st	bytes	 		
#365	0.082'158'713'875	st --> gs	bytes	 		
#368	0.082'476'069'032	t[1] --> st	bytes	 		
#369	0.082'476'069'032	st --> gs	bytes	 		
#372	0.084'255'880'513	t[1] --> st	bytes	 		
#373	0.084'255'880'513	st --> gs	bytes	 		
#376	0.084'853'949'117	t[0] --> st	bytes	 		
#377	0.084'853'949'117	st --> gs	bytes	 		
#380	0.085'326'362'529	t[0] --> st	bytes	 		
#381	0.085'326'362'529	st --> gs	bytes	 		
#384	0.085'602'419'906	t[0] --> st	bytes	 		
#385	0.085'602'419'906	st --> gs	bytes	 		
#388	0.086'360'343'835	t[0] --> st	bytes	 		
#389	0.086'360'343'835	st --> gs	bytes	 		
#392	0.086'662'215'847	t[1] --> st	bytes	 		
#393	0.086'662'215'847	st --> gs	bytes	 		
#396	0.086'878'131'241	t[1] --> st	bytes	 		
#397	0.086'878'131'241	st --> gs	bytes	 		
#400	0.087'146'568'950	t[0] --> st	bytes	 		
#401	0.087'146'568'950	st --> gs	bytes	 		
#404	0.087'947'193'308	t[1] --> st	bytes	 		
#405	0.087'947'193'308	st --> gs	bytes	 		
#408	0.088'301'217'572	t[0] --> st	bytes	 		
#409	0.088'301'217'572	st --> gs	bytes	 		
#412	0.090'318'150'785	t[1] --> st	bytes	 		
#413	0.090'318'150'785	st --> gs	bytes	 		
#416	0.091'387'633'687	t[1] --> st	bytes	 		
#417	0.091'387'633'687	st --> gs	bytes	 		
#420	0.091'490'122'297	t[1] --> st	bytes	 		
#421	0.091'490'122'297	st --> gs	bytes	 		
#424	0.091'582'934'337	t[1] --> st	bytes	 		
#425	0.091'582'934'337	st --> gs	bytes	 		
#428	0.091'884'501'328	t[1] --> st	bytes	 		
#429	0.091'884'501'328	st --> gs	bytes	 		
#432	0.095'028'820'066	t[1] --> st	bytes	 		
#433	0.095'028'820'066	st --> gs	bytes	 		
#436	0.095'089'328'956	t[1] --> st	bytes	 		
#437	0.095'089'328'956	st --> gs	bytes	 		
#440	0.097'210'211'264	t[0] --> st	bytes	 		
#441	0.097'210'211'264	st --> gs	bytes	 		
#444	0.097'425'481'480	t[0] --> st	bytes	 		
#445	0.097'425'481'480	st --> gs	bytes	 		
#448	0.097'894'084'518	t[0] --> st	bytes	 		
#449	0.097'894'084'518	st --> gs	bytes	 		
#452	0.099'382'637'610	t[1] --> st	bytes	 		
#453	0.099'382'637'610	st --> gs	bytes	 		
#456	0.100'939'125'048	t[1] --> st	bytes	 		
#457	0.100'939'125'048	st --> gs	bytes	 		
#460	0.102'127'467'714	t[1] --> st	bytes	 		
#461	0.102'127'467'714	st --> gs	bytes	 		
#464	0.106'581'233'486	t[1] --> st	bytes	 		
#465	0.106'581'233'486	st --> gs	bytes	 		
#468	0.107'529'527'794	t[1] --> st	bytes	 		
#469	0.107'529'527'794	st --> gs	bytes	 		
#472	0.108'614'285'218	t[0] --> st	bytes	 		
#473	0.108'614'285'218	st --> gs	bytes	 		
#476	0.109'075'747'920	t[1] --> st	bytes	 		
#477	0.109'075'747'920	st --> gs	bytes	 		
#480	0.109'198'446'285	t[0] --> st	bytes	 		
#481	0.109'198'446'285	st --> gs	bytes	 		
#484	0.110'454'329'447	t[0] --> st	bytes	 		
#485	0.110'454'329'447	st --> gs	bytes	 		
#488	0.111'014'883'464	t[0] --> st	bytes	 		
#489	0.111'014'883'464	st --> gs	bytes	 		
#492	0.111'188'571'947	t[1] --> st	bytes	 		
#493	0.111'188'571'947	st --> gs	bytes	 		
#496	0.111'361'138'376	t[0] --> st	bytes	 		
#497	0.111'361'138'376	st --> gs	bytes	 		
#500	0.111'595'049'196	t[0] --> st	bytes	 		
#501	0.111'595'049'196	st --> gs	bytes	 		
#504	0.112'085'090'738	t[1] --> st	bytes	 		
#505	0.112'085'090'738	st --> gs	bytes	 		
#508	0.112'358'160'883	t[0] --> st	bytes	 		
#509	0.112'358'160'883	st --> gs	bytes	 		
#512	0.114'116'409'643	t[1] --> st	bytes	 		
#513	0.114'116'409'643	st --> gs	bytes	 		
#516	0.114'386'480'130	t[1] --> st	bytes	 		
#517	0.114'386'480'130	st --> gs	bytes	 		
#520	0.115'371'431'550	t[0] --> st	bytes	 		
#521	0.115'371'431'550	st --> gs	bytes	 		
#524	0.116'730'166'462	t[1] --> st	bytes	 		
#525	0.116'730'166'462	st --> gs	bytes	 		
#528	0.118'816'991'288	t[1] --> st	bytes	 		
#529	0.118'816'991'288	st --> gs	bytes	 		
#532	0.119'675'170'262	t[1] --> st	bytes	 		
#533	0.119'675'170'262	st --> gs	bytes	 		
#536	0.120'304'394'210	t[1] --> st	bytes	 		
#537	0.120'304'394'210	st --> gs	bytes	 		
#540	0.121'345'811'334	t[0] --> st	bytes	 		
#541	0.121'345'811'334	st --> gs	bytes	 		
#544	0.123'518'350'096	t[0] --> st	bytes	 		
#545	0.123'518'350'096	st --> gs	bytes	 		
#548	0.123'545'679'253	t[0] --> st	bytes	 		
#549	0.123'545'679'253	st --> gs	bytes	 		
#552	0.124'828'936	t[1] --> st	bytes	 		
#553	0.124'828'936	st --> gs	bytes	 		
#556	0.125'495'883'121	t[0] --> st	bytes	 		
#557	0.125'495'883'121	st --> gs	bytes	 		
#560	0.125'946'487'448	t[1] --> st	bytes	 		
#561	0.125'946'487'448	st --> gs	bytes	 		
#564	0.127'735'511'853	t[0] --> st	bytes	 		
#565	0.127'735'511'853	st --> gs	bytes	 		
#568	0.132'642'182'657	t[1] --> st	bytes	 		
#569	0.132'642'182'657	st --> gs	bytes	 		
#572	0.134'820'149'240	t[1] --> st	bytes	 		
#573	0.134'820'149'240	st --> gs	bytes	 		
#576	0.134'882'688'598	t[0] --> st	bytes	 		
#577	0.134'882'688'598	st --> gs	bytes	 		
#580	0.135'063'910'511	t[1] --> st	bytes	 		
#581	0.135'063'910'511	st --> gs	bytes	 		
#584	0.139'093'331'200	t[0] --> st	bytes	 		
#585	0.139'093'331'200	st --> gs	bytes	 		
#588	0.141'035'049'090	t[1] --> st	bytes	 		
#589	0.141'035'049'090	st --> gs	bytes	 		
#592	0.141'913'021'613	t[1] --> st	bytes	 		
#593	0.141'913'021'613	st --> gs	bytes	 		
#596	0.146'617'185'769	t[0] --> st	bytes	 		
#597	0.146'617'185'769	st --> gs	bytes	 		
#600	0.147'602'031'549	t[1] --> st	bytes	 		
#601	0.147'602'031'549	st --> gs	bytes	 		
#604	0.148'557'468'704	t[1] --> st	bytes	 		
#605	0.148'557'468'704	st --> gs	bytes	 		
#608	0.149'305'676'313	t[0] --> st	bytes	 		
#609	0.149'305'676'313	st --> gs	bytes	 		
#612	0.150'471'433'091	t[0] --> st	bytes	 		
#613	0.150'471'433'091	st --> gs	bytes	 		
#616	0.150'727'546'622	t[0] --> st	bytes	 		
#617	0.150'727'546'622	st --> gs	bytes	 		
#620	0.151'436'184'555	t[1] --> st	bytes	 		
#621	0.151'436'184'555	st --> gs	bytes	 		
#624	0.152'038'839'191	t[0] --> st	bytes	 		
#625	0.152'038'839'191	st --> gs	bytes	 		
#628	0.154'372'586'244	t[0] --> st	bytes	 		
#629	0.154'372'586'244	st --> gs	bytes	 		
#632	0.154'389'454'335	t[1] --> st	bytes	 		
#633	0.154'389'454'335	st --> gs	bytes	 		
#636	0.155'106'695'150	t[1] --> st	bytes	 		
#637	0.155'106'695'150	st --> gs	bytes	 		
#640	0.155'442'354'996	t[0] --> st	bytes	 		
#641	0.155'442'354'996	st --> gs	bytes	 		
#644	0.155'574'949'799	t[0] --> st	bytes	 		
#645	0.155'574'949'799	st --> gs	bytes	 		
#648	0.157'933'328'853	t[0] --> st	bytes	 		
#649	0.157'933'328'853	st --> gs	bytes	 		
#652	0.158'070'008'696	t[1] --> st	bytes	 		
#653	0.158'070'008'696	st --> gs	bytes	 		
#656	0.158'401'952'163	t[1] --> st	bytes	 		
#657	0.158'401'952'163	st --> gs	bytes	 		
#660	0.159'605'523'917	t[0] --> st	bytes	 		
#661	0.159'605'523'917	st --> gs	bytes	 		
#663	0.160	t[0] --> st	grant_request	 		

